// Vitest Snapshot v1, https://vitest.dev/guide/snapshot.html

exports[`App > should render app with default environment 1`] = `
<DocumentFragment>
  <script
    nonce=""
  >
    ((e,i,s,u,m,a,l,h)=&gt;{let d=document.documentElement,w=["light","dark"];function p(n){(Array.isArray(e)?e:[e]).forEach(y=&gt;{let k=y==="class",S=k&&a?m.map(f=&gt;a[f]||f):m;k?(d.classList.remove(...S),d.classList.add(a&&a[n]?a[n]:n)):d.setAttribute(y,n)}),R(n)}function R(n){h&&w.includes(n)&&(d.style.colorScheme=n)}function c(){return window.matchMedia("(prefers-color-scheme: dark)").matches?"dark":"light"}if(u)p(u);else try{let n=localStorage.getItem(i)||s,y=l&&n==="system"?c():n;p(y)}catch(n){}})("class","theme","system",null,["light","dark"],null,true,true)
  </script>
  <div
    class="css-1l1i41u"
  >
    <div
      class="css-gg4vpm"
    >
      <div
        class="css-11ae5ff"
      >
        <button
          aria-haspopup="menu"
          class="chakra-button chakra-menu__trigger css-1ocnt5x"
          data-part="trigger"
          data-scope="menu"
          data-state="closed"
          data-uid="«r0»"
          dir="ltr"
          id="menu:«r0»:trigger"
          type="button"
        >
          Public Cloud
        </button>
        <button
          class="chakra-button css-1mi07d4"
          type="button"
        >
          paasserverless
        </button>
        <button
          class="chakra-button css-1mi07d4"
          type="button"
        >
          websites
        </button>
      </div>
      <button
        aria-label="Toggle color mode"
        class="chakra-button css-frz056"
        type="button"
      >
        <svg
          fill="none"
          height="1em"
          stroke="currentColor"
          stroke-linecap="round"
          stroke-linejoin="round"
          stroke-width="2"
          viewBox="0 0 24 24"
          width="1em"
          xmlns="http://www.w3.org/2000/svg"
        >
          <circle
            cx="12"
            cy="12"
            r="4"
          />
          <path
            d="M12 2v2"
          />
          <path
            d="M12 20v2"
          />
          <path
            d="m4.93 4.93 1.41 1.41"
          />
          <path
            d="m17.66 17.66 1.41 1.41"
          />
          <path
            d="M2 12h2"
          />
          <path
            d="M20 12h2"
          />
          <path
            d="m6.34 17.66-1.41 1.41"
          />
          <path
            d="m19.07 4.93-1.41 1.41"
          />
        </svg>
      </button>
    </div>
    <div
      class="chakra-tabs__root css-upaspd"
      data-orientation="horizontal"
      data-part="root"
      data-scope="tabs"
      dir="ltr"
      id="tabs:«r1»"
    >
      <div
        aria-orientation="horizontal"
        class="chakra-tabs__list css-yamsmp"
        data-orientation="horizontal"
        data-part="list"
        data-scope="tabs"
        dir="ltr"
        id="tabs:«r1»:list"
        role="tablist"
      >
        <button
          aria-controls="tabs:«r1»:content-extensions"
          aria-selected="true"
          class="chakra-tabs__trigger css-19t98pl"
          data-focus=""
          data-orientation="horizontal"
          data-ownedby="tabs:«r1»:list"
          data-part="trigger"
          data-scope="tabs"
          data-selected=""
          data-ssr=""
          data-value="extensions"
          dir="ltr"
          id="tabs:«r1»:trigger-extensions"
          role="tab"
          tabindex="0"
          type="button"
        >
          Extensions
        </button>
        <button
          aria-selected="false"
          class="chakra-tabs__trigger css-19t98pl"
          data-orientation="horizontal"
          data-ownedby="tabs:«r1»:list"
          data-part="trigger"
          data-scope="tabs"
          data-ssr=""
          data-value="build"
          dir="ltr"
          id="tabs:«r1»:trigger-build"
          role="tab"
          tabindex="-1"
          type="button"
        >
          Build Information
        </button>
        <button
          aria-selected="false"
          class="chakra-tabs__trigger css-19t98pl"
          data-orientation="horizontal"
          data-ownedby="tabs:«r1»:list"
          data-part="trigger"
          data-scope="tabs"
          data-ssr=""
          data-value="server"
          dir="ltr"
          id="tabs:«r1»:trigger-server"
          role="tab"
          tabindex="-1"
          type="button"
        >
          Server Information
        </button>
      </div>
    </div>
    <div
      class="css-177dxab"
    >
      <div
        class="css-e3v19i"
      >
        <nav
          aria-label="Extensions"
          class="css-rqcg1t"
        >
          <button
            class="chakra-button css-1tlpiy1"
            type="button"
          >
            PaaS Serverless
          </button>
          <button
            class="chakra-button css-1tlpiy1"
            type="button"
          >
            Test Extension
          </button>
          <button
            class="chakra-button css-1tlpiy1"
            type="button"
          >
            Websites
          </button>
        </nav>
      </div>
    </div>
  </div>
</DocumentFragment>
`;
