// Vitest Snapshot v1, https://vitest.dev/guide/snapshot.html

exports[`Configuration > should handle empty config object 1`] = `
<DocumentFragment>
  <script
    nonce=""
  >
    ((e,i,s,u,m,a,l,h)=&gt;{let d=document.documentElement,w=["light","dark"];function p(n){(Array.isArray(e)?e:[e]).forEach(y=&gt;{let k=y==="class",S=k&&a?m.map(f=&gt;a[f]||f):m;k?(d.classList.remove(...S),d.classList.add(a&&a[n]?a[n]:n)):d.setAttribute(y,n)}),R(n)}function R(n){h&&w.includes(n)&&(d.style.colorScheme=n)}function c(){return window.matchMedia("(prefers-color-scheme: dark)").matches?"dark":"light"}if(u)p(u);else try{let n=localStorage.getItem(i)||s,y=l&&n==="system"?c():n;p(y)}catch(n){}})("class","theme","system",null,["light","dark"],null,true,true)
  </script>
  <div>
    <h3
      class="css-okktu3"
      id="configuration"
    >
      Configuration
    </h3>
    <table
      aria-labelledby="configuration"
      class="chakra-table__root css-a2tetu"
    >
      <thead
        class="chakra-table__header"
      >
        <tr
          class="chakra-table__row css-11ot24d"
        >
          <th
            class="chakra-table__columnHeader css-kim7sg"
          >
            Key
          </th>
          <th
            class="chakra-table__columnHeader css-kim7sg"
          >
            Value
          </th>
        </tr>
      </thead>
      <tbody
        class="chakra-table__body"
      />
    </table>
  </div>
</DocumentFragment>
`;

exports[`Configuration > should handle special characters in values 1`] = `
<DocumentFragment>
  <script
    nonce=""
  >
    ((e,i,s,u,m,a,l,h)=&gt;{let d=document.documentElement,w=["light","dark"];function p(n){(Array.isArray(e)?e:[e]).forEach(y=&gt;{let k=y==="class",S=k&&a?m.map(f=&gt;a[f]||f):m;k?(d.classList.remove(...S),d.classList.add(a&&a[n]?a[n]:n)):d.setAttribute(y,n)}),R(n)}function R(n){h&&w.includes(n)&&(d.style.colorScheme=n)}function c(){return window.matchMedia("(prefers-color-scheme: dark)").matches?"dark":"light"}if(u)p(u);else try{let n=localStorage.getItem(i)||s,y=l&&n==="system"?c():n;p(y)}catch(n){}})("class","theme","system",null,["light","dark"],null,true,true)
  </script>
  <div>
    <h3
      class="css-okktu3"
      id="configuration"
    >
      Configuration
    </h3>
    <table
      aria-labelledby="configuration"
      class="chakra-table__root css-a2tetu"
    >
      <thead
        class="chakra-table__header"
      >
        <tr
          class="chakra-table__row css-11ot24d"
        >
          <th
            class="chakra-table__columnHeader css-kim7sg"
          >
            Key
          </th>
          <th
            class="chakra-table__columnHeader css-kim7sg"
          >
            Value
          </th>
        </tr>
      </thead>
      <tbody
        class="chakra-table__body"
      >
        <tr
          class="chakra-table__row css-11ot24d"
        >
          <td
            class="chakra-table__cell css-1luypx0"
          >
            special
          </td>
          <td
            class="chakra-table__cell css-1luypx0"
          >
            value with spaces & symbols !@#$%
          </td>
        </tr>
      </tbody>
    </table>
  </div>
</DocumentFragment>
`;

exports[`Configuration > should render configuration heading 1`] = `
<DocumentFragment>
  <script
    nonce=""
  >
    ((e,i,s,u,m,a,l,h)=&gt;{let d=document.documentElement,w=["light","dark"];function p(n){(Array.isArray(e)?e:[e]).forEach(y=&gt;{let k=y==="class",S=k&&a?m.map(f=&gt;a[f]||f):m;k?(d.classList.remove(...S),d.classList.add(a&&a[n]?a[n]:n)):d.setAttribute(y,n)}),R(n)}function R(n){h&&w.includes(n)&&(d.style.colorScheme=n)}function c(){return window.matchMedia("(prefers-color-scheme: dark)").matches?"dark":"light"}if(u)p(u);else try{let n=localStorage.getItem(i)||s,y=l&&n==="system"?c():n;p(y)}catch(n){}})("class","theme","system",null,["light","dark"],null,true,true)
  </script>
  <div>
    <h3
      class="css-okktu3"
      id="configuration"
    >
      Configuration
    </h3>
    <table
      aria-labelledby="configuration"
      class="chakra-table__root css-a2tetu"
    >
      <thead
        class="chakra-table__header"
      >
        <tr
          class="chakra-table__row css-11ot24d"
        >
          <th
            class="chakra-table__columnHeader css-kim7sg"
          >
            Key
          </th>
          <th
            class="chakra-table__columnHeader css-kim7sg"
          >
            Value
          </th>
        </tr>
      </thead>
      <tbody
        class="chakra-table__body"
      >
        <tr
          class="chakra-table__row css-11ot24d"
        >
          <td
            class="chakra-table__cell css-1luypx0"
          >
            key1
          </td>
          <td
            class="chakra-table__cell css-1luypx0"
          >
            value1
          </td>
        </tr>
      </tbody>
    </table>
  </div>
</DocumentFragment>
`;

exports[`Configuration > should render multiple configuration entries 1`] = `
<DocumentFragment>
  <script
    nonce=""
  >
    ((e,i,s,u,m,a,l,h)=&gt;{let d=document.documentElement,w=["light","dark"];function p(n){(Array.isArray(e)?e:[e]).forEach(y=&gt;{let k=y==="class",S=k&&a?m.map(f=&gt;a[f]||f):m;k?(d.classList.remove(...S),d.classList.add(a&&a[n]?a[n]:n)):d.setAttribute(y,n)}),R(n)}function R(n){h&&w.includes(n)&&(d.style.colorScheme=n)}function c(){return window.matchMedia("(prefers-color-scheme: dark)").matches?"dark":"light"}if(u)p(u);else try{let n=localStorage.getItem(i)||s,y=l&&n==="system"?c():n;p(y)}catch(n){}})("class","theme","system",null,["light","dark"],null,true,true)
  </script>
  <div>
    <h3
      class="css-okktu3"
      id="configuration"
    >
      Configuration
    </h3>
    <table
      aria-labelledby="configuration"
      class="chakra-table__root css-a2tetu"
    >
      <thead
        class="chakra-table__header"
      >
        <tr
          class="chakra-table__row css-11ot24d"
        >
          <th
            class="chakra-table__columnHeader css-kim7sg"
          >
            Key
          </th>
          <th
            class="chakra-table__columnHeader css-kim7sg"
          >
            Value
          </th>
        </tr>
      </thead>
      <tbody
        class="chakra-table__body"
      >
        <tr
          class="chakra-table__row css-11ot24d"
        >
          <td
            class="chakra-table__cell css-1luypx0"
          >
            apiUrl
          </td>
          <td
            class="chakra-table__cell css-1luypx0"
          >
            https://api.example.com
          </td>
        </tr>
        <tr
          class="chakra-table__row css-11ot24d"
        >
          <td
            class="chakra-table__cell css-1luypx0"
          >
            timeout
          </td>
          <td
            class="chakra-table__cell css-1luypx0"
          >
            5000
          </td>
        </tr>
        <tr
          class="chakra-table__row css-11ot24d"
        >
          <td
            class="chakra-table__cell css-1luypx0"
          >
            retries
          </td>
          <td
            class="chakra-table__cell css-1luypx0"
          >
            3
          </td>
        </tr>
      </tbody>
    </table>
  </div>
</DocumentFragment>
`;

exports[`Configuration > should render single configuration entry 1`] = `
<DocumentFragment>
  <script
    nonce=""
  >
    ((e,i,s,u,m,a,l,h)=&gt;{let d=document.documentElement,w=["light","dark"];function p(n){(Array.isArray(e)?e:[e]).forEach(y=&gt;{let k=y==="class",S=k&&a?m.map(f=&gt;a[f]||f):m;k?(d.classList.remove(...S),d.classList.add(a&&a[n]?a[n]:n)):d.setAttribute(y,n)}),R(n)}function R(n){h&&w.includes(n)&&(d.style.colorScheme=n)}function c(){return window.matchMedia("(prefers-color-scheme: dark)").matches?"dark":"light"}if(u)p(u);else try{let n=localStorage.getItem(i)||s,y=l&&n==="system"?c():n;p(y)}catch(n){}})("class","theme","system",null,["light","dark"],null,true,true)
  </script>
  <div>
    <h3
      class="css-okktu3"
      id="configuration"
    >
      Configuration
    </h3>
    <table
      aria-labelledby="configuration"
      class="chakra-table__root css-a2tetu"
    >
      <thead
        class="chakra-table__header"
      >
        <tr
          class="chakra-table__row css-11ot24d"
        >
          <th
            class="chakra-table__columnHeader css-kim7sg"
          >
            Key
          </th>
          <th
            class="chakra-table__columnHeader css-kim7sg"
          >
            Value
          </th>
        </tr>
      </thead>
      <tbody
        class="chakra-table__body"
      >
        <tr
          class="chakra-table__row css-11ot24d"
        >
          <td
            class="chakra-table__cell css-1luypx0"
          >
            apiUrl
          </td>
          <td
            class="chakra-table__cell css-1luypx0"
          >
            https://api.example.com
          </td>
        </tr>
      </tbody>
    </table>
  </div>
</DocumentFragment>
`;

exports[`Configuration > should render table with correct accessibility attributes 1`] = `
<DocumentFragment>
  <script
    nonce=""
  >
    ((e,i,s,u,m,a,l,h)=&gt;{let d=document.documentElement,w=["light","dark"];function p(n){(Array.isArray(e)?e:[e]).forEach(y=&gt;{let k=y==="class",S=k&&a?m.map(f=&gt;a[f]||f):m;k?(d.classList.remove(...S),d.classList.add(a&&a[n]?a[n]:n)):d.setAttribute(y,n)}),R(n)}function R(n){h&&w.includes(n)&&(d.style.colorScheme=n)}function c(){return window.matchMedia("(prefers-color-scheme: dark)").matches?"dark":"light"}if(u)p(u);else try{let n=localStorage.getItem(i)||s,y=l&&n==="system"?c():n;p(y)}catch(n){}})("class","theme","system",null,["light","dark"],null,true,true)
  </script>
  <div>
    <h3
      class="css-okktu3"
      id="configuration"
    >
      Configuration
    </h3>
    <table
      aria-labelledby="configuration"
      class="chakra-table__root css-a2tetu"
    >
      <thead
        class="chakra-table__header"
      >
        <tr
          class="chakra-table__row css-11ot24d"
        >
          <th
            class="chakra-table__columnHeader css-kim7sg"
          >
            Key
          </th>
          <th
            class="chakra-table__columnHeader css-kim7sg"
          >
            Value
          </th>
        </tr>
      </thead>
      <tbody
        class="chakra-table__body"
      >
        <tr
          class="chakra-table__row css-11ot24d"
        >
          <td
            class="chakra-table__cell css-1luypx0"
          >
            key1
          </td>
          <td
            class="chakra-table__cell css-1luypx0"
          >
            value1
          </td>
        </tr>
      </tbody>
    </table>
  </div>
</DocumentFragment>
`;

exports[`Configuration > should render table with correct headers 1`] = `
<DocumentFragment>
  <script
    nonce=""
  >
    ((e,i,s,u,m,a,l,h)=&gt;{let d=document.documentElement,w=["light","dark"];function p(n){(Array.isArray(e)?e:[e]).forEach(y=&gt;{let k=y==="class",S=k&&a?m.map(f=&gt;a[f]||f):m;k?(d.classList.remove(...S),d.classList.add(a&&a[n]?a[n]:n)):d.setAttribute(y,n)}),R(n)}function R(n){h&&w.includes(n)&&(d.style.colorScheme=n)}function c(){return window.matchMedia("(prefers-color-scheme: dark)").matches?"dark":"light"}if(u)p(u);else try{let n=localStorage.getItem(i)||s,y=l&&n==="system"?c():n;p(y)}catch(n){}})("class","theme","system",null,["light","dark"],null,true,true)
  </script>
  <div>
    <h3
      class="css-okktu3"
      id="configuration"
    >
      Configuration
    </h3>
    <table
      aria-labelledby="configuration"
      class="chakra-table__root css-a2tetu"
    >
      <thead
        class="chakra-table__header"
      >
        <tr
          class="chakra-table__row css-11ot24d"
        >
          <th
            class="chakra-table__columnHeader css-kim7sg"
          >
            Key
          </th>
          <th
            class="chakra-table__columnHeader css-kim7sg"
          >
            Value
          </th>
        </tr>
      </thead>
      <tbody
        class="chakra-table__body"
      >
        <tr
          class="chakra-table__row css-11ot24d"
        >
          <td
            class="chakra-table__cell css-1luypx0"
          >
            key1
          </td>
          <td
            class="chakra-table__cell css-1luypx0"
          >
            value1
          </td>
        </tr>
      </tbody>
    </table>
  </div>
</DocumentFragment>
`;
