// Vitest Snapshot v1, https://vitest.dev/guide/snapshot.html

exports[`StageDefinition > should handle empty stage definition 1`] = `
<DocumentFragment>
  <script
    nonce=""
  >
    ((e,i,s,u,m,a,l,h)=&gt;{let d=document.documentElement,w=["light","dark"];function p(n){(Array.isArray(e)?e:[e]).forEach(y=&gt;{let k=y==="class",S=k&&a?m.map(f=&gt;a[f]||f):m;k?(d.classList.remove(...S),d.classList.add(a&&a[n]?a[n]:n)):d.setAttribute(y,n)}),R(n)}function R(n){h&&w.includes(n)&&(d.style.colorScheme=n)}function c(){return window.matchMedia("(prefers-color-scheme: dark)").matches?"dark":"light"}if(u)p(u);else try{let n=localStorage.getItem(i)||s,y=l&&n==="system"?c():n;p(y)}catch(n){}})("class","theme","system",null,["light","dark"],null,true,true)
  </script>
  <div>
    <h3
      class="css-okktu3"
      id="stage-definitions"
    >
      Stage Definitions
    </h3>
    <table
      aria-labelledby="stage-definitions"
      class="chakra-table__root css-a2tetu"
    >
      <thead
        class="chakra-table__header"
      >
        <tr
          class="chakra-table__row css-11ot24d"
        >
          <th
            class="chakra-table__columnHeader css-kim7sg"
          >
            Key
          </th>
          <th
            class="chakra-table__columnHeader css-kim7sg"
          >
            Value
          </th>
        </tr>
      </thead>
      <tbody
        class="chakra-table__body"
      />
    </table>
  </div>
</DocumentFragment>
`;

exports[`StageDefinition > should handle stage with empty steps array 1`] = `
<DocumentFragment>
  <script
    nonce=""
  >
    ((e,i,s,u,m,a,l,h)=&gt;{let d=document.documentElement,w=["light","dark"];function p(n){(Array.isArray(e)?e:[e]).forEach(y=&gt;{let k=y==="class",S=k&&a?m.map(f=&gt;a[f]||f):m;k?(d.classList.remove(...S),d.classList.add(a&&a[n]?a[n]:n)):d.setAttribute(y,n)}),R(n)}function R(n){h&&w.includes(n)&&(d.style.colorScheme=n)}function c(){return window.matchMedia("(prefers-color-scheme: dark)").matches?"dark":"light"}if(u)p(u);else try{let n=localStorage.getItem(i)||s,y=l&&n==="system"?c():n;p(y)}catch(n){}})("class","theme","system",null,["light","dark"],null,true,true)
  </script>
  <div>
    <h3
      class="css-okktu3"
      id="stage-definitions"
    >
      Stage Definitions
    </h3>
    <table
      aria-labelledby="stage-definitions"
      class="chakra-table__root css-a2tetu"
    >
      <thead
        class="chakra-table__header"
      >
        <tr
          class="chakra-table__row css-11ot24d"
        >
          <th
            class="chakra-table__columnHeader css-kim7sg"
          >
            Key
          </th>
          <th
            class="chakra-table__columnHeader css-kim7sg"
          >
            Value
          </th>
        </tr>
      </thead>
      <tbody
        class="chakra-table__body"
      >
        <tr
          class="chakra-table__row css-11ot24d"
        >
          <td
            class="chakra-table__cell css-1luypx0"
          >
            emptyStage
          </td>
          <td
            class="chakra-table__cell css-1luypx0"
          />
        </tr>
      </tbody>
    </table>
  </div>
</DocumentFragment>
`;

exports[`StageDefinition > should render multiple stages 1`] = `
<DocumentFragment>
  <script
    nonce=""
  >
    ((e,i,s,u,m,a,l,h)=&gt;{let d=document.documentElement,w=["light","dark"];function p(n){(Array.isArray(e)?e:[e]).forEach(y=&gt;{let k=y==="class",S=k&&a?m.map(f=&gt;a[f]||f):m;k?(d.classList.remove(...S),d.classList.add(a&&a[n]?a[n]:n)):d.setAttribute(y,n)}),R(n)}function R(n){h&&w.includes(n)&&(d.style.colorScheme=n)}function c(){return window.matchMedia("(prefers-color-scheme: dark)").matches?"dark":"light"}if(u)p(u);else try{let n=localStorage.getItem(i)||s,y=l&&n==="system"?c():n;p(y)}catch(n){}})("class","theme","system",null,["light","dark"],null,true,true)
  </script>
  <div>
    <h3
      class="css-okktu3"
      id="stage-definitions"
    >
      Stage Definitions
    </h3>
    <table
      aria-labelledby="stage-definitions"
      class="chakra-table__root css-a2tetu"
    >
      <thead
        class="chakra-table__header"
      >
        <tr
          class="chakra-table__row css-11ot24d"
        >
          <th
            class="chakra-table__columnHeader css-kim7sg"
          >
            Key
          </th>
          <th
            class="chakra-table__columnHeader css-kim7sg"
          >
            Value
          </th>
        </tr>
      </thead>
      <tbody
        class="chakra-table__body"
      >
        <tr
          class="chakra-table__row css-11ot24d"
        >
          <td
            class="chakra-table__cell css-1luypx0"
          >
            build
          </td>
          <td
            class="chakra-table__cell css-1luypx0"
          >
            compile, lint
          </td>
        </tr>
        <tr
          class="chakra-table__row css-11ot24d"
        >
          <td
            class="chakra-table__cell css-1luypx0"
          >
            test
          </td>
          <td
            class="chakra-table__cell css-1luypx0"
          >
            unit, integration
          </td>
        </tr>
        <tr
          class="chakra-table__row css-11ot24d"
        >
          <td
            class="chakra-table__cell css-1luypx0"
          >
            deploy
          </td>
          <td
            class="chakra-table__cell css-1luypx0"
          >
            package, upload
          </td>
        </tr>
      </tbody>
    </table>
  </div>
</DocumentFragment>
`;

exports[`StageDefinition > should render single stage with single step 1`] = `
<DocumentFragment>
  <script
    nonce=""
  >
    ((e,i,s,u,m,a,l,h)=&gt;{let d=document.documentElement,w=["light","dark"];function p(n){(Array.isArray(e)?e:[e]).forEach(y=&gt;{let k=y==="class",S=k&&a?m.map(f=&gt;a[f]||f):m;k?(d.classList.remove(...S),d.classList.add(a&&a[n]?a[n]:n)):d.setAttribute(y,n)}),R(n)}function R(n){h&&w.includes(n)&&(d.style.colorScheme=n)}function c(){return window.matchMedia("(prefers-color-scheme: dark)").matches?"dark":"light"}if(u)p(u);else try{let n=localStorage.getItem(i)||s,y=l&&n==="system"?c():n;p(y)}catch(n){}})("class","theme","system",null,["light","dark"],null,true,true)
  </script>
  <div>
    <h3
      class="css-okktu3"
      id="stage-definitions"
    >
      Stage Definitions
    </h3>
    <table
      aria-labelledby="stage-definitions"
      class="chakra-table__root css-a2tetu"
    >
      <thead
        class="chakra-table__header"
      >
        <tr
          class="chakra-table__row css-11ot24d"
        >
          <th
            class="chakra-table__columnHeader css-kim7sg"
          >
            Key
          </th>
          <th
            class="chakra-table__columnHeader css-kim7sg"
          >
            Value
          </th>
        </tr>
      </thead>
      <tbody
        class="chakra-table__body"
      >
        <tr
          class="chakra-table__row css-11ot24d"
        >
          <td
            class="chakra-table__cell css-1luypx0"
          >
            build
          </td>
          <td
            class="chakra-table__cell css-1luypx0"
          >
            compile
          </td>
        </tr>
      </tbody>
    </table>
  </div>
</DocumentFragment>
`;

exports[`StageDefinition > should render stage definitions heading 1`] = `
<DocumentFragment>
  <script
    nonce=""
  >
    ((e,i,s,u,m,a,l,h)=&gt;{let d=document.documentElement,w=["light","dark"];function p(n){(Array.isArray(e)?e:[e]).forEach(y=&gt;{let k=y==="class",S=k&&a?m.map(f=&gt;a[f]||f):m;k?(d.classList.remove(...S),d.classList.add(a&&a[n]?a[n]:n)):d.setAttribute(y,n)}),R(n)}function R(n){h&&w.includes(n)&&(d.style.colorScheme=n)}function c(){return window.matchMedia("(prefers-color-scheme: dark)").matches?"dark":"light"}if(u)p(u);else try{let n=localStorage.getItem(i)||s,y=l&&n==="system"?c():n;p(y)}catch(n){}})("class","theme","system",null,["light","dark"],null,true,true)
  </script>
  <div>
    <h3
      class="css-okktu3"
      id="stage-definitions"
    >
      Stage Definitions
    </h3>
    <table
      aria-labelledby="stage-definitions"
      class="chakra-table__root css-a2tetu"
    >
      <thead
        class="chakra-table__header"
      >
        <tr
          class="chakra-table__row css-11ot24d"
        >
          <th
            class="chakra-table__columnHeader css-kim7sg"
          >
            Key
          </th>
          <th
            class="chakra-table__columnHeader css-kim7sg"
          >
            Value
          </th>
        </tr>
      </thead>
      <tbody
        class="chakra-table__body"
      >
        <tr
          class="chakra-table__row css-11ot24d"
        >
          <td
            class="chakra-table__cell css-1luypx0"
          >
            stage1
          </td>
          <td
            class="chakra-table__cell css-1luypx0"
          >
            step1
          </td>
        </tr>
      </tbody>
    </table>
  </div>
</DocumentFragment>
`;

exports[`StageDefinition > should render stage with multiple steps joined by comma 1`] = `
<DocumentFragment>
  <script
    nonce=""
  >
    ((e,i,s,u,m,a,l,h)=&gt;{let d=document.documentElement,w=["light","dark"];function p(n){(Array.isArray(e)?e:[e]).forEach(y=&gt;{let k=y==="class",S=k&&a?m.map(f=&gt;a[f]||f):m;k?(d.classList.remove(...S),d.classList.add(a&&a[n]?a[n]:n)):d.setAttribute(y,n)}),R(n)}function R(n){h&&w.includes(n)&&(d.style.colorScheme=n)}function c(){return window.matchMedia("(prefers-color-scheme: dark)").matches?"dark":"light"}if(u)p(u);else try{let n=localStorage.getItem(i)||s,y=l&&n==="system"?c():n;p(y)}catch(n){}})("class","theme","system",null,["light","dark"],null,true,true)
  </script>
  <div>
    <h3
      class="css-okktu3"
      id="stage-definitions"
    >
      Stage Definitions
    </h3>
    <table
      aria-labelledby="stage-definitions"
      class="chakra-table__root css-a2tetu"
    >
      <thead
        class="chakra-table__header"
      >
        <tr
          class="chakra-table__row css-11ot24d"
        >
          <th
            class="chakra-table__columnHeader css-kim7sg"
          >
            Key
          </th>
          <th
            class="chakra-table__columnHeader css-kim7sg"
          >
            Value
          </th>
        </tr>
      </thead>
      <tbody
        class="chakra-table__body"
      >
        <tr
          class="chakra-table__row css-11ot24d"
        >
          <td
            class="chakra-table__cell css-1luypx0"
          >
            deploy
          </td>
          <td
            class="chakra-table__cell css-1luypx0"
          >
            build, test, package
          </td>
        </tr>
      </tbody>
    </table>
  </div>
</DocumentFragment>
`;

exports[`StageDefinition > should render table with correct accessibility attributes 1`] = `
<DocumentFragment>
  <script
    nonce=""
  >
    ((e,i,s,u,m,a,l,h)=&gt;{let d=document.documentElement,w=["light","dark"];function p(n){(Array.isArray(e)?e:[e]).forEach(y=&gt;{let k=y==="class",S=k&&a?m.map(f=&gt;a[f]||f):m;k?(d.classList.remove(...S),d.classList.add(a&&a[n]?a[n]:n)):d.setAttribute(y,n)}),R(n)}function R(n){h&&w.includes(n)&&(d.style.colorScheme=n)}function c(){return window.matchMedia("(prefers-color-scheme: dark)").matches?"dark":"light"}if(u)p(u);else try{let n=localStorage.getItem(i)||s,y=l&&n==="system"?c():n;p(y)}catch(n){}})("class","theme","system",null,["light","dark"],null,true,true)
  </script>
  <div>
    <h3
      class="css-okktu3"
      id="stage-definitions"
    >
      Stage Definitions
    </h3>
    <table
      aria-labelledby="stage-definitions"
      class="chakra-table__root css-a2tetu"
    >
      <thead
        class="chakra-table__header"
      >
        <tr
          class="chakra-table__row css-11ot24d"
        >
          <th
            class="chakra-table__columnHeader css-kim7sg"
          >
            Key
          </th>
          <th
            class="chakra-table__columnHeader css-kim7sg"
          >
            Value
          </th>
        </tr>
      </thead>
      <tbody
        class="chakra-table__body"
      >
        <tr
          class="chakra-table__row css-11ot24d"
        >
          <td
            class="chakra-table__cell css-1luypx0"
          >
            stage1
          </td>
          <td
            class="chakra-table__cell css-1luypx0"
          >
            step1
          </td>
        </tr>
      </tbody>
    </table>
  </div>
</DocumentFragment>
`;

exports[`StageDefinition > should render table with correct headers 1`] = `
<DocumentFragment>
  <script
    nonce=""
  >
    ((e,i,s,u,m,a,l,h)=&gt;{let d=document.documentElement,w=["light","dark"];function p(n){(Array.isArray(e)?e:[e]).forEach(y=&gt;{let k=y==="class",S=k&&a?m.map(f=&gt;a[f]||f):m;k?(d.classList.remove(...S),d.classList.add(a&&a[n]?a[n]:n)):d.setAttribute(y,n)}),R(n)}function R(n){h&&w.includes(n)&&(d.style.colorScheme=n)}function c(){return window.matchMedia("(prefers-color-scheme: dark)").matches?"dark":"light"}if(u)p(u);else try{let n=localStorage.getItem(i)||s,y=l&&n==="system"?c():n;p(y)}catch(n){}})("class","theme","system",null,["light","dark"],null,true,true)
  </script>
  <div>
    <h3
      class="css-okktu3"
      id="stage-definitions"
    >
      Stage Definitions
    </h3>
    <table
      aria-labelledby="stage-definitions"
      class="chakra-table__root css-a2tetu"
    >
      <thead
        class="chakra-table__header"
      >
        <tr
          class="chakra-table__row css-11ot24d"
        >
          <th
            class="chakra-table__columnHeader css-kim7sg"
          >
            Key
          </th>
          <th
            class="chakra-table__columnHeader css-kim7sg"
          >
            Value
          </th>
        </tr>
      </thead>
      <tbody
        class="chakra-table__body"
      >
        <tr
          class="chakra-table__row css-11ot24d"
        >
          <td
            class="chakra-table__cell css-1luypx0"
          >
            stage1
          </td>
          <td
            class="chakra-table__cell css-1luypx0"
          >
            step1
          </td>
        </tr>
      </tbody>
    </table>
  </div>
</DocumentFragment>
`;
